

  [1;36m┌──────────────────┬─────────┬─────────┬─────────┬─────────┬─────────┐[0m
  [1;36m│[0m [1;37mTrace[0m            [1;36m│[0m [1;37mDecode[0m  [1;36m│[0m [1;37mSTF[0m     [1;36m│[0m [1;37mMerkle[0m  [1;36m│[0m [1;37mAccum[0m   [1;36m│[0m [1;37mδ-save[0m  [1;36m│[0m
  [1;36m├──────────────────┼─────────┼─────────┼─────────┼─────────┼─────────┤[0m
  [1;36m│[0m fallback         [1;36m│[0m 0.00s   [1;36m│[0m 0.00s   [1;36m│[0m 0.00s   [1;36m│[0m 0.00s   [1;36m│[0m 0.00s   [1;36m│[0m
  [1;36m├──────────────────┼─────────┼─────────┼─────────┼─────────┼─────────┤[0m
  [1;36m│[0m [1;37mTOTAL[0m            [1;36m│[0m [1;37m0.00s[0m   [1;36m│[0m [1;37m0.00s[0m   [1;36m│[0m [1;37m0.00s[0m   [1;36m│[0m [1;37m0.00s[0m   [1;36m│[0m [1;37m0.00s[0m   [1;36m│[0m
  [1;36m└──────────────────┴─────────┴─────────┴─────────┴─────────┴─────────┘[0m

  [1;36m⏱  0.00 s[0m  (1 traces, 100 blocks, 0.0 ms/block)

[1;36m╔══════════════════╦═══════════╦═══════════╦════════╗[0m
[1;36m║[0m [1;37mTrace[0m            [1;36m║[0m [1;37mChain[0m     [1;36m║[0m [1;37mStep[0m      [1;36m║[0m [1;37mErrors[0m [1;36m║[0m
[1;36m╠══════════════════╬═══════════╬═══════════╬════════╣[0m
[1;36m║[0m fallback         [1;36m║[0m [31m0/100 ✗[0m   [1;36m║[0m [32m0/0 ✓[0m     [1;36m║[0m [1;31m1[0m      [1;36m║[0m
[1;36m╠══════════════════╬═══════════╬═══════════╬════════╣[0m
[1;36m║[0m [1;37mTOTAL[0m            [1;36m║[0m [1;31m0/100 ✗[0m   [1;36m║[0m [1;32m0/0 ✓[0m     [1;36m║[0m [1;31m1[0m      [1;36m║[0m
[1;36m╚══════════════════╩═══════════╩═══════════╩════════╝[0m

  [1;36m┌──────────────────┬─────────┬─────────┬─────────┬─────────┬─────────┬─────────┐[0m
  [1;36m│[0m [1;37mTrace (ms)[0m       [1;36m│[0m [1;37mmin[0m     [1;36m│[0m [1;37mmean[0m    [1;36m│[0m [1;37mp50[0m     [1;36m│[0m [1;37mp90[0m     [1;36m│[0m [1;37mp99[0m     [1;36m│[0m [1;37mmax[0m     [1;36m│[0m
  [1;36m├──────────────────┼─────────┼─────────┼─────────┼─────────┼─────────┼─────────┤[0m
  [1;36m│[0m fallback         [1;36m│[0m 0.00    [1;36m│[0m 0.00    [1;36m│[0m 0.00    [1;36m│[0m 0.00    [1;36m│[0m 0.00    [1;36m│[0m 0.00    [1;36m│[0m
  [1;36m└──────────────────┴─────────┴─────────┴─────────┴─────────┴─────────┴─────────┘[0m
